#! /c/Source/iverilog-install/bin/vvp
:ivl_version "12.0 (devel)" "(s20150603-1110-g18392a46)";
:ivl_delay_selection "TYPICAL";
:vpi_time_precision - 12;
:vpi_module "C:\iverilog\lib\ivl\system.vpi";
:vpi_module "C:\iverilog\lib\ivl\vhdl_sys.vpi";
:vpi_module "C:\iverilog\lib\ivl\vhdl_textio.vpi";
:vpi_module "C:\iverilog\lib\ivl\v2005_math.vpi";
:vpi_module "C:\iverilog\lib\ivl\va_math.vpi";
S_000001b4b9c1f140 .scope module, "tb_kogge_stone_adder_4bit" "tb_kogge_stone_adder_4bit" 2 3;
 .timescale -9 -12;
v000001b4b9c8fb50_0 .var "a", 3 0;
v000001b4b9c8ef70_0 .var "b", 3 0;
v000001b4b9c8f790_0 .var "cin", 0 0;
v000001b4b9c8f330_0 .net "cout", 0 0, L_000001b4b9c92600;  1 drivers
v000001b4b9c8e890_0 .var/i "errors", 31 0;
v000001b4b9c8f150_0 .var "expected", 4 0;
v000001b4b9c8f1f0_0 .var/i "i", 31 0;
v000001b4b9c8e610_0 .var/i "j", 31 0;
v000001b4b9c8ec50_0 .var/i "k", 31 0;
v000001b4b9c8e6b0_0 .net "sum", 3 0, L_000001b4b9c90fd0;  1 drivers
v000001b4b9c8e930_0 .var/i "total", 31 0;
S_000001b4b9c1f2d0 .scope module, "dut" "kogge_stone_adder_4bit" 2 16, 3 4 0, S_000001b4b9c1f140;
 .timescale -9 -12;
    .port_info 0 /INPUT 4 "a";
    .port_info 1 /INPUT 4 "b";
    .port_info 2 /INPUT 1 "cin";
    .port_info 3 /OUTPUT 4 "sum";
    .port_info 4 /OUTPUT 1 "cout";
L_000001b4b9c0ee10 .functor XOR 1, L_000001b4b9c8fbf0, L_000001b4b9c8ecf0, C4<0>, C4<0>;
L_000001b4b9c0e9b0 .functor XOR 1, L_000001b4b9c8ed90, L_000001b4b9c8ee30, C4<0>, C4<0>;
L_000001b4b9c0e710 .functor XOR 1, L_000001b4b9c8f290, L_000001b4b9c8f3d0, C4<0>, C4<0>;
L_000001b4b9c0e780 .functor XOR 1, L_000001b4b9c8e1b0, L_000001b4b9c90df0, C4<0>, C4<0>;
L_000001b4b9c0eb70 .functor AND 1, L_000001b4b9c908f0, L_000001b4b9c92010, C4<1>, C4<1>;
L_000001b4b9c0ee80 .functor AND 1, L_000001b4b9c90350, L_000001b4b9c91ed0, C4<1>, C4<1>;
L_000001b4b9c0e4e0 .functor AND 1, L_000001b4b9c91f70, L_000001b4b9c903f0, C4<1>, C4<1>;
L_000001b4b9c0eef0 .functor AND 1, L_000001b4b9c912f0, L_000001b4b9c90710, C4<1>, C4<1>;
L_000001b4b9c0e550 .functor AND 1, L_000001b4b9c90490, v000001b4b9c8f790_0, C4<1>, C4<1>;
L_000001b4b9c0ef60 .functor OR 1, L_000001b4b9c916b0, L_000001b4b9c0e550, C4<0>, C4<0>;
L_000001b4b9c0f190 .functor BUF 1, L_000001b4b9c0ef60, C4<0>, C4<0>, C4<0>;
L_000001b4b9c0f200 .functor BUF 1, L_000001b4b9c91930, C4<0>, C4<0>, C4<0>;
L_000001b4b9c0e400 .functor AND 1, L_000001b4b9c919d0, L_000001b4b9c0ef60, C4<1>, C4<1>;
L_000001b4b9c0e7f0 .functor OR 1, L_000001b4b9c90990, L_000001b4b9c0e400, C4<0>, C4<0>;
L_000001b4b9c0e470 .functor AND 1, L_000001b4b9c91b10, L_000001b4b9c920b0, C4<1>, C4<1>;
L_000001b4b9c924b0 .functor AND 1, L_000001b4b9c91a70, L_000001b4b9c92150, C4<1>, C4<1>;
L_000001b4b9c92440 .functor OR 1, L_000001b4b9c91390, L_000001b4b9c924b0, C4<0>, C4<0>;
L_000001b4b9c929f0 .functor AND 1, L_000001b4b9c921f0, L_000001b4b9c90d50, C4<1>, C4<1>;
L_000001b4b9c92ec0 .functor AND 1, L_000001b4b9c91070, L_000001b4b9c91bb0, C4<1>, C4<1>;
L_000001b4b9c92a60 .functor OR 1, L_000001b4b9c91430, L_000001b4b9c92ec0, C4<0>, C4<0>;
L_000001b4b9c92830 .functor AND 1, L_000001b4b9c91750, L_000001b4b9c905d0, C4<1>, C4<1>;
L_000001b4b9c93080 .functor BUF 1, L_000001b4b9c90670, C4<0>, C4<0>, C4<0>;
L_000001b4b9c92fa0 .functor BUF 1, L_000001b4b9c917f0, C4<0>, C4<0>, C4<0>;
L_000001b4b9c92360 .functor AND 1, L_000001b4b9c91c50, L_000001b4b9c90ad0, C4<1>, C4<1>;
L_000001b4b9c92c20 .functor OR 1, L_000001b4b9c90c10, L_000001b4b9c92360, C4<0>, C4<0>;
L_000001b4b9c92de0 .functor AND 1, L_000001b4b9c91890, L_000001b4b9c907b0, C4<1>, C4<1>;
L_000001b4b9c92670 .functor OR 1, L_000001b4b9c91d90, L_000001b4b9c92de0, C4<0>, C4<0>;
L_000001b4b9c92910 .functor XOR 1, L_000001b4b9c90f30, v000001b4b9c8f790_0, C4<0>, C4<0>;
L_000001b4b9c92980 .functor XOR 1, L_000001b4b9c90850, L_000001b4b9c90a30, C4<0>, C4<0>;
L_000001b4b9c93010 .functor XOR 1, L_000001b4b9c90b70, L_000001b4b9c90cb0, C4<0>, C4<0>;
L_000001b4b9c930f0 .functor XOR 1, L_000001b4b9c91e30, L_000001b4b9c91110, C4<0>, C4<0>;
L_000001b4b9c92600 .functor BUF 1, L_000001b4b9c91250, C4<0>, C4<0>, C4<0>;
v000001b4b9c12140_0 .net *"_ivl_0", 0 0, L_000001b4b9c0ee10;  1 drivers
v000001b4b9c121e0_0 .net *"_ivl_101", 0 0, L_000001b4b9c905d0;  1 drivers
v000001b4b9c12280_0 .net *"_ivl_102", 0 0, L_000001b4b9c93080;  1 drivers
v000001b4b9c12640_0 .net *"_ivl_105", 0 0, L_000001b4b9c90670;  1 drivers
v000001b4b9c126e0_0 .net *"_ivl_106", 0 0, L_000001b4b9c92fa0;  1 drivers
v000001b4b9c0bc70_0 .net *"_ivl_109", 0 0, L_000001b4b9c917f0;  1 drivers
v000001b4b9c0bb30_0 .net *"_ivl_11", 0 0, L_000001b4b9c8ee30;  1 drivers
v000001b4b9c0c2b0_0 .net *"_ivl_111", 0 0, L_000001b4b9c91c50;  1 drivers
v000001b4b9c0c3f0_0 .net *"_ivl_113", 0 0, L_000001b4b9c90ad0;  1 drivers
v000001b4b9c8daa0_0 .net *"_ivl_114", 0 0, L_000001b4b9c92c20;  1 drivers
v000001b4b9c8bfc0_0 .net *"_ivl_117", 0 0, L_000001b4b9c90c10;  1 drivers
v000001b4b9c8c7e0_0 .net *"_ivl_119", 0 0, L_000001b4b9c91890;  1 drivers
v000001b4b9c8cec0_0 .net *"_ivl_12", 0 0, L_000001b4b9c0e710;  1 drivers
v000001b4b9c8c560_0 .net *"_ivl_121", 0 0, L_000001b4b9c907b0;  1 drivers
v000001b4b9c8c1a0_0 .net *"_ivl_122", 0 0, L_000001b4b9c92670;  1 drivers
v000001b4b9c8d0a0_0 .net *"_ivl_126", 0 0, L_000001b4b9c91d90;  1 drivers
v000001b4b9c8c240_0 .net *"_ivl_127", 0 0, L_000001b4b9c92910;  1 drivers
v000001b4b9c8d140_0 .net *"_ivl_130", 0 0, L_000001b4b9c90f30;  1 drivers
v000001b4b9c8c920_0 .net *"_ivl_131", 0 0, L_000001b4b9c92980;  1 drivers
v000001b4b9c8cd80_0 .net *"_ivl_134", 0 0, L_000001b4b9c90850;  1 drivers
v000001b4b9c8c9c0_0 .net *"_ivl_136", 0 0, L_000001b4b9c90a30;  1 drivers
v000001b4b9c8ce20_0 .net *"_ivl_137", 0 0, L_000001b4b9c93010;  1 drivers
v000001b4b9c8c2e0_0 .net *"_ivl_140", 0 0, L_000001b4b9c90b70;  1 drivers
v000001b4b9c8cf60_0 .net *"_ivl_142", 0 0, L_000001b4b9c90cb0;  1 drivers
v000001b4b9c8d960_0 .net *"_ivl_143", 0 0, L_000001b4b9c930f0;  1 drivers
v000001b4b9c8d1e0_0 .net *"_ivl_147", 0 0, L_000001b4b9c91e30;  1 drivers
v000001b4b9c8c600_0 .net *"_ivl_149", 0 0, L_000001b4b9c91110;  1 drivers
v000001b4b9c8d780_0 .net *"_ivl_15", 0 0, L_000001b4b9c8f290;  1 drivers
v000001b4b9c8c420_0 .net *"_ivl_151", 0 0, L_000001b4b9c91250;  1 drivers
v000001b4b9c8d8c0_0 .net *"_ivl_17", 0 0, L_000001b4b9c8f3d0;  1 drivers
v000001b4b9c8c4c0_0 .net *"_ivl_18", 0 0, L_000001b4b9c0e780;  1 drivers
v000001b4b9c8dbe0_0 .net *"_ivl_22", 0 0, L_000001b4b9c8e1b0;  1 drivers
v000001b4b9c8d000_0 .net *"_ivl_24", 0 0, L_000001b4b9c90df0;  1 drivers
v000001b4b9c8d820_0 .net *"_ivl_25", 0 0, L_000001b4b9c0eb70;  1 drivers
v000001b4b9c8bf20_0 .net *"_ivl_28", 0 0, L_000001b4b9c908f0;  1 drivers
v000001b4b9c8db40_0 .net *"_ivl_3", 0 0, L_000001b4b9c8fbf0;  1 drivers
v000001b4b9c8c380_0 .net *"_ivl_30", 0 0, L_000001b4b9c92010;  1 drivers
v000001b4b9c8d640_0 .net *"_ivl_31", 0 0, L_000001b4b9c0ee80;  1 drivers
v000001b4b9c8dc80_0 .net *"_ivl_34", 0 0, L_000001b4b9c90350;  1 drivers
v000001b4b9c8d280_0 .net *"_ivl_36", 0 0, L_000001b4b9c91ed0;  1 drivers
v000001b4b9c8d320_0 .net *"_ivl_37", 0 0, L_000001b4b9c0e4e0;  1 drivers
v000001b4b9c8c6a0_0 .net *"_ivl_40", 0 0, L_000001b4b9c91f70;  1 drivers
v000001b4b9c8c740_0 .net *"_ivl_42", 0 0, L_000001b4b9c903f0;  1 drivers
v000001b4b9c8d3c0_0 .net *"_ivl_43", 0 0, L_000001b4b9c0eef0;  1 drivers
v000001b4b9c8da00_0 .net *"_ivl_47", 0 0, L_000001b4b9c912f0;  1 drivers
v000001b4b9c8c880_0 .net *"_ivl_49", 0 0, L_000001b4b9c90710;  1 drivers
v000001b4b9c8ca60_0 .net *"_ivl_5", 0 0, L_000001b4b9c8ecf0;  1 drivers
v000001b4b9c8c060_0 .net *"_ivl_51", 0 0, L_000001b4b9c90490;  1 drivers
v000001b4b9c8cc40_0 .net *"_ivl_53", 0 0, L_000001b4b9c916b0;  1 drivers
v000001b4b9c8dd20_0 .net *"_ivl_54", 0 0, L_000001b4b9c0f190;  1 drivers
v000001b4b9c8cb00_0 .net *"_ivl_56", 0 0, L_000001b4b9c0f200;  1 drivers
v000001b4b9c8c100_0 .net *"_ivl_59", 0 0, L_000001b4b9c91930;  1 drivers
v000001b4b9c8d460_0 .net *"_ivl_6", 0 0, L_000001b4b9c0e9b0;  1 drivers
v000001b4b9c8d500_0 .net *"_ivl_61", 0 0, L_000001b4b9c919d0;  1 drivers
v000001b4b9c8cba0_0 .net *"_ivl_62", 0 0, L_000001b4b9c0e7f0;  1 drivers
v000001b4b9c8cce0_0 .net *"_ivl_65", 0 0, L_000001b4b9c90990;  1 drivers
v000001b4b9c8d5a0_0 .net *"_ivl_66", 0 0, L_000001b4b9c0e470;  1 drivers
v000001b4b9c8d6e0_0 .net *"_ivl_69", 0 0, L_000001b4b9c91b10;  1 drivers
v000001b4b9c8ddc0_0 .net *"_ivl_71", 0 0, L_000001b4b9c920b0;  1 drivers
v000001b4b9c8f010_0 .net *"_ivl_73", 0 0, L_000001b4b9c91a70;  1 drivers
v000001b4b9c8eb10_0 .net *"_ivl_75", 0 0, L_000001b4b9c92150;  1 drivers
v000001b4b9c8f970_0 .net *"_ivl_76", 0 0, L_000001b4b9c92440;  1 drivers
v000001b4b9c8e9d0_0 .net *"_ivl_79", 0 0, L_000001b4b9c91390;  1 drivers
v000001b4b9c8e390_0 .net *"_ivl_80", 0 0, L_000001b4b9c929f0;  1 drivers
v000001b4b9c8eed0_0 .net *"_ivl_83", 0 0, L_000001b4b9c921f0;  1 drivers
v000001b4b9c8f470_0 .net *"_ivl_85", 0 0, L_000001b4b9c90d50;  1 drivers
v000001b4b9c8fdd0_0 .net *"_ivl_87", 0 0, L_000001b4b9c91070;  1 drivers
v000001b4b9c8fd30_0 .net *"_ivl_89", 0 0, L_000001b4b9c91bb0;  1 drivers
v000001b4b9c8f830_0 .net *"_ivl_9", 0 0, L_000001b4b9c8ed90;  1 drivers
v000001b4b9c8f0b0_0 .net *"_ivl_90", 0 0, L_000001b4b9c92a60;  1 drivers
v000001b4b9c8f510_0 .net *"_ivl_94", 0 0, L_000001b4b9c91430;  1 drivers
v000001b4b9c8e430_0 .net *"_ivl_95", 0 0, L_000001b4b9c92830;  1 drivers
v000001b4b9c8f5b0_0 .net *"_ivl_99", 0 0, L_000001b4b9c91750;  1 drivers
v000001b4b9c8f8d0_0 .net "a", 3 0, v000001b4b9c8fb50_0;  1 drivers
v000001b4b9c8ebb0_0 .net "b", 3 0, v000001b4b9c8ef70_0;  1 drivers
v000001b4b9c8e110_0 .net "cin", 0 0, v000001b4b9c8f790_0;  1 drivers
v000001b4b9c8e250_0 .net "cout", 0 0, L_000001b4b9c92600;  alias, 1 drivers
v000001b4b9c8e2f0_0 .net "g0", 3 0, L_000001b4b9c911b0;  1 drivers
v000001b4b9c8fa10_0 .net "g1", 3 0, L_000001b4b9c90e90;  1 drivers
v000001b4b9c8e4d0_0 .net "g2", 3 0, L_000001b4b9c91cf0;  1 drivers
v000001b4b9c8fab0_0 .net "gc0", 0 0, L_000001b4b9c0ef60;  1 drivers
v000001b4b9c8df30_0 .net "p0", 3 0, L_000001b4b9c8fc90;  1 drivers
v000001b4b9c8dfd0_0 .net "p1", 3 0, L_000001b4b9c90530;  1 drivers
v000001b4b9c8e070_0 .net "sum", 3 0, L_000001b4b9c90fd0;  alias, 1 drivers
v000001b4b9c8f6f0_0 .net "t11", 0 0, L_000001b4b9c0e400;  1 drivers
v000001b4b9c8e570_0 .net "t12", 0 0, L_000001b4b9c924b0;  1 drivers
v000001b4b9c8ea70_0 .net "t13", 0 0, L_000001b4b9c92ec0;  1 drivers
v000001b4b9c8e7f0_0 .net "t22", 0 0, L_000001b4b9c92360;  1 drivers
v000001b4b9c8e750_0 .net "t23", 0 0, L_000001b4b9c92de0;  1 drivers
v000001b4b9c8f650_0 .net "t_cin", 0 0, L_000001b4b9c0e550;  1 drivers
L_000001b4b9c8fbf0 .part v000001b4b9c8fb50_0, 0, 1;
L_000001b4b9c8ecf0 .part v000001b4b9c8ef70_0, 0, 1;
L_000001b4b9c8ed90 .part v000001b4b9c8fb50_0, 1, 1;
L_000001b4b9c8ee30 .part v000001b4b9c8ef70_0, 1, 1;
L_000001b4b9c8f290 .part v000001b4b9c8fb50_0, 2, 1;
L_000001b4b9c8f3d0 .part v000001b4b9c8ef70_0, 2, 1;
L_000001b4b9c8fc90 .concat8 [ 1 1 1 1], L_000001b4b9c0ee10, L_000001b4b9c0e9b0, L_000001b4b9c0e710, L_000001b4b9c0e780;
L_000001b4b9c8e1b0 .part v000001b4b9c8fb50_0, 3, 1;
L_000001b4b9c90df0 .part v000001b4b9c8ef70_0, 3, 1;
L_000001b4b9c908f0 .part v000001b4b9c8fb50_0, 0, 1;
L_000001b4b9c92010 .part v000001b4b9c8ef70_0, 0, 1;
L_000001b4b9c90350 .part v000001b4b9c8fb50_0, 1, 1;
L_000001b4b9c91ed0 .part v000001b4b9c8ef70_0, 1, 1;
L_000001b4b9c91f70 .part v000001b4b9c8fb50_0, 2, 1;
L_000001b4b9c903f0 .part v000001b4b9c8ef70_0, 2, 1;
L_000001b4b9c911b0 .concat8 [ 1 1 1 1], L_000001b4b9c0eb70, L_000001b4b9c0ee80, L_000001b4b9c0e4e0, L_000001b4b9c0eef0;
L_000001b4b9c912f0 .part v000001b4b9c8fb50_0, 3, 1;
L_000001b4b9c90710 .part v000001b4b9c8ef70_0, 3, 1;
L_000001b4b9c90490 .part L_000001b4b9c8fc90, 0, 1;
L_000001b4b9c916b0 .part L_000001b4b9c911b0, 0, 1;
L_000001b4b9c91930 .part L_000001b4b9c8fc90, 0, 1;
L_000001b4b9c919d0 .part L_000001b4b9c8fc90, 1, 1;
L_000001b4b9c90990 .part L_000001b4b9c911b0, 1, 1;
L_000001b4b9c91b10 .part L_000001b4b9c8fc90, 1, 1;
L_000001b4b9c920b0 .part L_000001b4b9c8fc90, 0, 1;
L_000001b4b9c91a70 .part L_000001b4b9c8fc90, 2, 1;
L_000001b4b9c92150 .part L_000001b4b9c911b0, 1, 1;
L_000001b4b9c91390 .part L_000001b4b9c911b0, 2, 1;
L_000001b4b9c921f0 .part L_000001b4b9c8fc90, 2, 1;
L_000001b4b9c90d50 .part L_000001b4b9c8fc90, 1, 1;
L_000001b4b9c91070 .part L_000001b4b9c8fc90, 3, 1;
L_000001b4b9c91bb0 .part L_000001b4b9c911b0, 2, 1;
L_000001b4b9c90e90 .concat8 [ 1 1 1 1], L_000001b4b9c0f190, L_000001b4b9c0e7f0, L_000001b4b9c92440, L_000001b4b9c92a60;
L_000001b4b9c91430 .part L_000001b4b9c911b0, 3, 1;
L_000001b4b9c90530 .concat8 [ 1 1 1 1], L_000001b4b9c0f200, L_000001b4b9c0e470, L_000001b4b9c929f0, L_000001b4b9c92830;
L_000001b4b9c91750 .part L_000001b4b9c8fc90, 3, 1;
L_000001b4b9c905d0 .part L_000001b4b9c8fc90, 2, 1;
L_000001b4b9c90670 .part L_000001b4b9c90e90, 0, 1;
L_000001b4b9c917f0 .part L_000001b4b9c90e90, 1, 1;
L_000001b4b9c91c50 .part L_000001b4b9c90530, 2, 1;
L_000001b4b9c90ad0 .part L_000001b4b9c90e90, 0, 1;
L_000001b4b9c90c10 .part L_000001b4b9c90e90, 2, 1;
L_000001b4b9c91890 .part L_000001b4b9c90530, 3, 1;
L_000001b4b9c907b0 .part L_000001b4b9c90e90, 1, 1;
L_000001b4b9c91cf0 .concat8 [ 1 1 1 1], L_000001b4b9c93080, L_000001b4b9c92fa0, L_000001b4b9c92c20, L_000001b4b9c92670;
L_000001b4b9c91d90 .part L_000001b4b9c90e90, 3, 1;
L_000001b4b9c90f30 .part L_000001b4b9c8fc90, 0, 1;
L_000001b4b9c90850 .part L_000001b4b9c8fc90, 1, 1;
L_000001b4b9c90a30 .part L_000001b4b9c91cf0, 0, 1;
L_000001b4b9c90b70 .part L_000001b4b9c8fc90, 2, 1;
L_000001b4b9c90cb0 .part L_000001b4b9c91cf0, 1, 1;
L_000001b4b9c90fd0 .concat8 [ 1 1 1 1], L_000001b4b9c92910, L_000001b4b9c92980, L_000001b4b9c93010, L_000001b4b9c930f0;
L_000001b4b9c91e30 .part L_000001b4b9c8fc90, 3, 1;
L_000001b4b9c91110 .part L_000001b4b9c91cf0, 2, 1;
L_000001b4b9c91250 .part L_000001b4b9c91cf0, 3, 1;
    .scope S_000001b4b9c1f140;
T_0 ;
    %vpi_call 2 26 "$dumpfile", "kogge_stone_4bit.vcd" {0 0 0};
    %vpi_call 2 27 "$dumpvars", 32'sb00000000000000000000000000000000, S_000001b4b9c1f140 {0 0 0};
    %end;
    .thread T_0;
    .scope S_000001b4b9c1f140;
T_1 ;
    %pushi/vec4 0, 0, 32;
    %store/vec4 v000001b4b9c8e890_0, 0, 32;
    %pushi/vec4 0, 0, 32;
    %store/vec4 v000001b4b9c8e930_0, 0, 32;
    %vpi_call 2 34 "$display", "--------------------------------------------------" {0 0 0};
    %vpi_call 2 35 "$display", " Time |  A   B  Cin | Cout Sum | Expected | Status" {0 0 0};
    %vpi_call 2 36 "$display", "--------------------------------------------------" {0 0 0};
    %pushi/vec4 0, 0, 32;
    %store/vec4 v000001b4b9c8f1f0_0, 0, 32;
T_1.0 ;
    %load/vec4 v000001b4b9c8f1f0_0;
    %cmpi/s 16, 0, 32;
    %jmp/0xz T_1.1, 5;
    %pushi/vec4 0, 0, 32;
    %store/vec4 v000001b4b9c8e610_0, 0, 32;
T_1.2 ;
    %load/vec4 v000001b4b9c8e610_0;
    %cmpi/s 16, 0, 32;
    %jmp/0xz T_1.3, 5;
    %pushi/vec4 0, 0, 32;
    %store/vec4 v000001b4b9c8ec50_0, 0, 32;
T_1.4 ;
    %load/vec4 v000001b4b9c8ec50_0;
    %cmpi/s 2, 0, 32;
    %jmp/0xz T_1.5, 5;
    %load/vec4 v000001b4b9c8f1f0_0;
    %parti/s 4, 0, 2;
    %store/vec4 v000001b4b9c8fb50_0, 0, 4;
    %load/vec4 v000001b4b9c8e610_0;
    %parti/s 4, 0, 2;
    %store/vec4 v000001b4b9c8ef70_0, 0, 4;
    %load/vec4 v000001b4b9c8ec50_0;
    %parti/s 1, 0, 2;
    %store/vec4 v000001b4b9c8f790_0, 0, 1;
    %delay 10000, 0;
    %load/vec4 v000001b4b9c8fb50_0;
    %pad/u 5;
    %load/vec4 v000001b4b9c8ef70_0;
    %pad/u 5;
    %add;
    %load/vec4 v000001b4b9c8f790_0;
    %pad/u 5;
    %add;
    %store/vec4 v000001b4b9c8f150_0, 0, 5;
    %load/vec4 v000001b4b9c8e930_0;
    %addi 1, 0, 32;
    %store/vec4 v000001b4b9c8e930_0, 0, 32;
    %load/vec4 v000001b4b9c8f330_0;
    %load/vec4 v000001b4b9c8e6b0_0;
    %concat/vec4; draw_concat_vec4
    %load/vec4 v000001b4b9c8f150_0;
    %cmp/ne;
    %jmp/0xz  T_1.6, 6;
    %load/vec4 v000001b4b9c8e890_0;
    %addi 1, 0, 32;
    %store/vec4 v000001b4b9c8e890_0, 0, 32;
    %vpi_call 2 52 "$display", "%5t | %2d  %2d   %b  |  %b   %2d  |   %2d     | FAIL", $time, v000001b4b9c8fb50_0, v000001b4b9c8ef70_0, v000001b4b9c8f790_0, v000001b4b9c8f330_0, v000001b4b9c8e6b0_0, v000001b4b9c8f150_0 {0 0 0};
    %jmp T_1.7;
T_1.6 ;
    %load/vec4 v000001b4b9c8e930_0;
    %cmpi/s 16, 0, 32;
    %flag_or 5, 4;
    %jmp/0xz  T_1.8, 5;
    %vpi_call 2 57 "$display", "%5t | %2d  %2d   %b  |  %b   %2d  |   %2d     | PASS", $time, v000001b4b9c8fb50_0, v000001b4b9c8ef70_0, v000001b4b9c8f790_0, v000001b4b9c8f330_0, v000001b4b9c8e6b0_0, v000001b4b9c8f150_0 {0 0 0};
T_1.8 ;
T_1.7 ;
    %load/vec4 v000001b4b9c8ec50_0;
    %addi 1, 0, 32;
    %store/vec4 v000001b4b9c8ec50_0, 0, 32;
    %jmp T_1.4;
T_1.5 ;
    %load/vec4 v000001b4b9c8e610_0;
    %addi 1, 0, 32;
    %store/vec4 v000001b4b9c8e610_0, 0, 32;
    %jmp T_1.2;
T_1.3 ;
    %load/vec4 v000001b4b9c8f1f0_0;
    %addi 1, 0, 32;
    %store/vec4 v000001b4b9c8f1f0_0, 0, 32;
    %jmp T_1.0;
T_1.1 ;
    %vpi_call 2 64 "$display", "--------------------------------------------------" {0 0 0};
    %vpi_call 2 65 "$display", " Total tests : %0d", v000001b4b9c8e930_0 {0 0 0};
    %vpi_call 2 66 "$display", " Errors      : %0d", v000001b4b9c8e890_0 {0 0 0};
    %load/vec4 v000001b4b9c8e890_0;
    %cmpi/e 0, 0, 32;
    %jmp/0xz  T_1.10, 4;
    %vpi_call 2 68 "$display", " RESULT      : ALL TESTS PASSED" {0 0 0};
    %jmp T_1.11;
T_1.10 ;
    %vpi_call 2 70 "$display", " RESULT      : TESTS FAILED" {0 0 0};
T_1.11 ;
    %vpi_call 2 71 "$display", "--------------------------------------------------" {0 0 0};
    %vpi_call 2 73 "$finish" {0 0 0};
    %end;
    .thread T_1;
# The file index is used to find the file name in the following table.
:file_names 4;
    "N/A";
    "<interactive>";
    "KSA_4bit_tb.v";
    "KSA_4bit.v";
