#! /c/Source/iverilog-install/bin/vvp
:ivl_version "12.0 (devel)" "(s20150603-1110-g18392a46)";
:ivl_delay_selection "TYPICAL";
:vpi_time_precision - 12;
:vpi_module "C:\iverilog\lib\ivl\system.vpi";
:vpi_module "C:\iverilog\lib\ivl\vhdl_sys.vpi";
:vpi_module "C:\iverilog\lib\ivl\vhdl_textio.vpi";
:vpi_module "C:\iverilog\lib\ivl\v2005_math.vpi";
:vpi_module "C:\iverilog\lib\ivl\va_math.vpi";
S_000001bee7fb4ea0 .scope module, "tb" "tb" 2 3;
 .timescale -9 -12;
v000001bee80254b0_0 .var "a", 3 0;
v000001bee8024470_0 .var "b", 3 0;
v000001bee8024650_0 .var "cin", 0 0;
v000001bee80255f0_0 .net "cout", 0 0, L_000001bee7fcd690;  1 drivers
v000001bee80250f0_0 .var/i "errors", 31 0;
v000001bee8024510_0 .var "expected", 4 0;
v000001bee8026130_0 .var/i "i", 31 0;
v000001bee80261d0_0 .net "sum", 3 0, L_000001bee8028d10;  1 drivers
S_000001bee7fb47b0 .scope module, "uut" "CLA_4bit_gate_level" 2 17, 3 1 0, S_000001bee7fb4ea0;
 .timescale 0 0;
    .port_info 0 /INPUT 4 "a";
    .port_info 1 /INPUT 4 "b";
    .port_info 2 /INPUT 1 "cin";
    .port_info 3 /OUTPUT 4 "sum";
    .port_info 4 /OUTPUT 1 "cout";
L_000001bee7fcd930 .functor XOR 1, L_000001bee80246f0, L_000001bee8025690, C4<0>, C4<0>;
L_000001bee7fcda80 .functor XOR 1, L_000001bee8025af0, L_000001bee8024a10, C4<0>, C4<0>;
L_000001bee7fcd9a0 .functor XOR 1, L_000001bee8024790, L_000001bee80257d0, C4<0>, C4<0>;
L_000001bee7fcdbd0 .functor XOR 1, L_000001bee8024970, L_000001bee8025eb0, C4<0>, C4<0>;
L_000001bee7fcdd20 .functor AND 1, L_000001bee8025230, L_000001bee8024b50, C4<1>, C4<1>;
L_000001bee7fcd540 .functor AND 1, L_000001bee8025550, L_000001bee8026270, C4<1>, C4<1>;
L_000001bee7fcd000 .functor AND 1, L_000001bee8024c90, L_000001bee8025730, C4<1>, C4<1>;
L_000001bee7fcd850 .functor AND 1, L_000001bee8025870, L_000001bee8025910, C4<1>, C4<1>;
L_000001bee7fcdc40 .functor AND 1, L_000001bee8025c30, v000001bee8024650_0, C4<1>, C4<1>;
L_000001bee7fcd460 .functor OR 1, L_000001bee80259b0, L_000001bee7fcdc40, C4<0>, C4<0>;
L_000001bee7fcda10 .functor AND 1, L_000001bee8025cd0, L_000001bee80243d0, C4<1>, C4<1>;
L_000001bee7fcd7e0 .functor AND 1, L_000001bee8025d70, L_000001bee8025ff0, C4<1>, C4<1>;
L_000001bee7fcde00 .functor AND 1, L_000001bee7fcd7e0, v000001bee8024650_0, C4<1>, C4<1>;
L_000001bee7fcdaf0 .functor OR 1, L_000001bee80295d0, L_000001bee7fcda10, L_000001bee7fcde00, C4<0>;
L_000001bee7fcd230 .functor AND 1, L_000001bee8029990, L_000001bee8028c70, C4<1>, C4<1>;
L_000001bee7fcd150 .functor AND 1, L_000001bee80288b0, L_000001bee8028950, C4<1>, C4<1>;
L_000001bee7fcd1c0 .functor AND 1, L_000001bee7fcd230, L_000001bee80293f0, C4<1>, C4<1>;
L_000001bee7fcd770 .functor AND 1, L_000001bee7fcd230, L_000001bee8029850, C4<1>, C4<1>;
L_000001bee7fcdb60 .functor AND 1, L_000001bee7fcd770, v000001bee8024650_0, C4<1>, C4<1>;
L_000001bee7fcdcb0 .functor OR 1, L_000001bee8028a90, L_000001bee7fcd150, L_000001bee7fcd1c0, L_000001bee7fcdb60;
L_000001bee7fcd070 .functor AND 1, L_000001bee8028b30, L_000001bee8029ad0, C4<1>, C4<1>;
L_000001bee7fcd0e0 .functor AND 1, L_000001bee8029b70, L_000001bee8028e50, C4<1>, C4<1>;
L_000001bee7fcd8c0 .functor AND 1, L_000001bee7fcd070, L_000001bee8028db0, C4<1>, C4<1>;
L_000001bee7fcdd90 .functor AND 1, L_000001bee7fcd070, L_000001bee8029e90, C4<1>, C4<1>;
L_000001bee7fcde70 .functor AND 1, L_000001bee7fcdd90, L_000001bee80289f0, C4<1>, C4<1>;
L_000001bee7fcd2a0 .functor AND 1, L_000001bee7fcdd90, L_000001bee802a070, C4<1>, C4<1>;
L_000001bee7fcd310 .functor AND 1, L_000001bee7fcd2a0, v000001bee8024650_0, C4<1>, C4<1>;
L_000001bee7fcd620/0/0 .functor OR 1, L_000001bee8028bd0, L_000001bee7fcd0e0, L_000001bee7fcd8c0, L_000001bee7fcde70;
L_000001bee7fcd620/0/4 .functor OR 1, L_000001bee7fcd310, C4<0>, C4<0>, C4<0>;
L_000001bee7fcd620 .functor OR 1, L_000001bee7fcd620/0/0, L_000001bee7fcd620/0/4, C4<0>, C4<0>;
L_000001bee7fcd380 .functor XOR 1, L_000001bee8028810, v000001bee8024650_0, C4<0>, C4<0>;
L_000001bee7fcd3f0 .functor XOR 1, L_000001bee802a1b0, L_000001bee7fcd460, C4<0>, C4<0>;
L_000001bee7fcd4d0 .functor XOR 1, L_000001bee8029030, L_000001bee7fcdaf0, C4<0>, C4<0>;
L_000001bee7fcd5b0 .functor XOR 1, L_000001bee8029a30, L_000001bee7fcdcb0, C4<0>, C4<0>;
L_000001bee7fcd690 .functor BUF 1, L_000001bee7fcd620, C4<0>, C4<0>, C4<0>;
v000001bee7fb30f0_0 .net *"_ivl_0", 0 0, L_000001bee7fcd930;  1 drivers
v000001bee7fb17f0_0 .net *"_ivl_100", 0 0, L_000001bee7fcd3f0;  1 drivers
v000001bee7fb2b50_0 .net *"_ivl_103", 0 0, L_000001bee802a1b0;  1 drivers
v000001bee7fb1890_0 .net *"_ivl_104", 0 0, L_000001bee7fcd4d0;  1 drivers
v000001bee7fb20b0_0 .net *"_ivl_107", 0 0, L_000001bee8029030;  1 drivers
v000001bee7fb1390_0 .net *"_ivl_108", 0 0, L_000001bee7fcd5b0;  1 drivers
v000001bee7fb1250_0 .net *"_ivl_11", 0 0, L_000001bee8024a10;  1 drivers
v000001bee7fb1930_0 .net *"_ivl_112", 0 0, L_000001bee8029a30;  1 drivers
v000001bee7fb1430_0 .net *"_ivl_12", 0 0, L_000001bee7fcd9a0;  1 drivers
v000001bee7fb19d0_0 .net *"_ivl_15", 0 0, L_000001bee8024790;  1 drivers
v000001bee7fb14d0_0 .net *"_ivl_17", 0 0, L_000001bee80257d0;  1 drivers
v000001bee7fb1cf0_0 .net *"_ivl_18", 0 0, L_000001bee7fcdbd0;  1 drivers
v000001bee7fb1d90_0 .net *"_ivl_22", 0 0, L_000001bee8024970;  1 drivers
v000001bee7fb1ed0_0 .net *"_ivl_24", 0 0, L_000001bee8025eb0;  1 drivers
v000001bee8023cc0_0 .net *"_ivl_25", 0 0, L_000001bee7fcdd20;  1 drivers
v000001bee8023540_0 .net *"_ivl_28", 0 0, L_000001bee8025230;  1 drivers
v000001bee8022820_0 .net *"_ivl_3", 0 0, L_000001bee80246f0;  1 drivers
v000001bee8022a00_0 .net *"_ivl_30", 0 0, L_000001bee8024b50;  1 drivers
v000001bee8023360_0 .net *"_ivl_31", 0 0, L_000001bee7fcd540;  1 drivers
v000001bee8023400_0 .net *"_ivl_34", 0 0, L_000001bee8025550;  1 drivers
v000001bee80235e0_0 .net *"_ivl_36", 0 0, L_000001bee8026270;  1 drivers
v000001bee8022aa0_0 .net *"_ivl_37", 0 0, L_000001bee7fcd000;  1 drivers
v000001bee8023720_0 .net *"_ivl_40", 0 0, L_000001bee8024c90;  1 drivers
v000001bee8022960_0 .net *"_ivl_42", 0 0, L_000001bee8025730;  1 drivers
v000001bee80226e0_0 .net *"_ivl_43", 0 0, L_000001bee7fcd850;  1 drivers
v000001bee8023c20_0 .net *"_ivl_47", 0 0, L_000001bee8025870;  1 drivers
v000001bee8022be0_0 .net *"_ivl_49", 0 0, L_000001bee8025910;  1 drivers
v000001bee8023ea0_0 .net *"_ivl_5", 0 0, L_000001bee8025690;  1 drivers
v000001bee8023860_0 .net *"_ivl_51", 0 0, L_000001bee8025c30;  1 drivers
v000001bee80237c0_0 .net *"_ivl_53", 0 0, L_000001bee80259b0;  1 drivers
v000001bee8022c80_0 .net *"_ivl_55", 0 0, L_000001bee8025cd0;  1 drivers
v000001bee80232c0_0 .net *"_ivl_57", 0 0, L_000001bee80243d0;  1 drivers
v000001bee8022f00_0 .net *"_ivl_59", 0 0, L_000001bee8025d70;  1 drivers
v000001bee8023d60_0 .net *"_ivl_6", 0 0, L_000001bee7fcda80;  1 drivers
v000001bee8023f40_0 .net *"_ivl_61", 0 0, L_000001bee8025ff0;  1 drivers
v000001bee8023ae0_0 .net *"_ivl_63", 0 0, L_000001bee80295d0;  1 drivers
v000001bee80230e0_0 .net *"_ivl_65", 0 0, L_000001bee8029990;  1 drivers
v000001bee80241c0_0 .net *"_ivl_67", 0 0, L_000001bee8028c70;  1 drivers
v000001bee80223c0_0 .net *"_ivl_69", 0 0, L_000001bee80288b0;  1 drivers
v000001bee8023680_0 .net *"_ivl_71", 0 0, L_000001bee8028950;  1 drivers
v000001bee8023900_0 .net *"_ivl_73", 0 0, L_000001bee80293f0;  1 drivers
v000001bee80239a0_0 .net *"_ivl_75", 0 0, L_000001bee8029850;  1 drivers
v000001bee8022460_0 .net *"_ivl_77", 0 0, L_000001bee8028a90;  1 drivers
v000001bee8022b40_0 .net *"_ivl_79", 0 0, L_000001bee8028b30;  1 drivers
v000001bee8023fe0_0 .net *"_ivl_81", 0 0, L_000001bee8029ad0;  1 drivers
v000001bee8023a40_0 .net *"_ivl_83", 0 0, L_000001bee8029b70;  1 drivers
v000001bee8023e00_0 .net *"_ivl_85", 0 0, L_000001bee8028e50;  1 drivers
v000001bee80234a0_0 .net *"_ivl_87", 0 0, L_000001bee8028db0;  1 drivers
v000001bee8022fa0_0 .net *"_ivl_89", 0 0, L_000001bee8029e90;  1 drivers
v000001bee8023180_0 .net *"_ivl_9", 0 0, L_000001bee8025af0;  1 drivers
v000001bee8023b80_0 .net *"_ivl_91", 0 0, L_000001bee80289f0;  1 drivers
v000001bee80228c0_0 .net *"_ivl_93", 0 0, L_000001bee802a070;  1 drivers
v000001bee8024260_0 .net *"_ivl_95", 0 0, L_000001bee8028bd0;  1 drivers
v000001bee8024080_0 .net *"_ivl_96", 0 0, L_000001bee7fcd380;  1 drivers
v000001bee8024120_0 .net *"_ivl_99", 0 0, L_000001bee8028810;  1 drivers
v000001bee8022500_0 .net "a", 3 0, v000001bee80254b0_0;  1 drivers
v000001bee8023220_0 .net "b", 3 0, v000001bee8024470_0;  1 drivers
v000001bee80225a0_0 .net "c1", 0 0, L_000001bee7fcd460;  1 drivers
v000001bee8022640_0 .net "c1_term0", 0 0, L_000001bee7fcdc40;  1 drivers
v000001bee8022780_0 .net "c2", 0 0, L_000001bee7fcdaf0;  1 drivers
v000001bee8022d20_0 .net "c2_term0", 0 0, L_000001bee7fcda10;  1 drivers
v000001bee8022dc0_0 .net "c2_term1", 0 0, L_000001bee7fcd7e0;  1 drivers
v000001bee8022e60_0 .net "c2_term2", 0 0, L_000001bee7fcde00;  1 drivers
v000001bee8023040_0 .net "c3", 0 0, L_000001bee7fcdcb0;  1 drivers
v000001bee8024f10_0 .net "c3_term0", 0 0, L_000001bee7fcd150;  1 drivers
v000001bee8024dd0_0 .net "c3_term1", 0 0, L_000001bee7fcd1c0;  1 drivers
v000001bee8025f50_0 .net "c3_term2", 0 0, L_000001bee7fcdb60;  1 drivers
v000001bee8024e70_0 .net "c4", 0 0, L_000001bee7fcd620;  1 drivers
v000001bee8025b90_0 .net "c4_term0", 0 0, L_000001bee7fcd0e0;  1 drivers
v000001bee8024830_0 .net "c4_term1", 0 0, L_000001bee7fcd8c0;  1 drivers
v000001bee8025410_0 .net "c4_term2", 0 0, L_000001bee7fcde70;  1 drivers
v000001bee8025370_0 .net "c4_term3", 0 0, L_000001bee7fcd310;  1 drivers
v000001bee8024fb0_0 .net "cin", 0 0, v000001bee8024650_0;  1 drivers
v000001bee8026090_0 .net "cout", 0 0, L_000001bee7fcd690;  alias, 1 drivers
v000001bee8025a50_0 .net "g", 3 0, L_000001bee8024d30;  1 drivers
v000001bee8025190_0 .net "p", 3 0, L_000001bee80252d0;  1 drivers
v000001bee8024ab0_0 .net "p2_p1", 0 0, L_000001bee7fcd230;  1 drivers
v000001bee80245b0_0 .net "p2_p1_p0", 0 0, L_000001bee7fcd770;  1 drivers
v000001bee8025050_0 .net "p3_p2", 0 0, L_000001bee7fcd070;  1 drivers
v000001bee8024bf0_0 .net "p3_p2_p1", 0 0, L_000001bee7fcdd90;  1 drivers
v000001bee80248d0_0 .net "p3_p2_p1_p0", 0 0, L_000001bee7fcd2a0;  1 drivers
v000001bee8025e10_0 .net "sum", 3 0, L_000001bee8028d10;  alias, 1 drivers
L_000001bee80246f0 .part v000001bee80254b0_0, 0, 1;
L_000001bee8025690 .part v000001bee8024470_0, 0, 1;
L_000001bee8025af0 .part v000001bee80254b0_0, 1, 1;
L_000001bee8024a10 .part v000001bee8024470_0, 1, 1;
L_000001bee8024790 .part v000001bee80254b0_0, 2, 1;
L_000001bee80257d0 .part v000001bee8024470_0, 2, 1;
L_000001bee80252d0 .concat8 [ 1 1 1 1], L_000001bee7fcd930, L_000001bee7fcda80, L_000001bee7fcd9a0, L_000001bee7fcdbd0;
L_000001bee8024970 .part v000001bee80254b0_0, 3, 1;
L_000001bee8025eb0 .part v000001bee8024470_0, 3, 1;
L_000001bee8025230 .part v000001bee80254b0_0, 0, 1;
L_000001bee8024b50 .part v000001bee8024470_0, 0, 1;
L_000001bee8025550 .part v000001bee80254b0_0, 1, 1;
L_000001bee8026270 .part v000001bee8024470_0, 1, 1;
L_000001bee8024c90 .part v000001bee80254b0_0, 2, 1;
L_000001bee8025730 .part v000001bee8024470_0, 2, 1;
L_000001bee8024d30 .concat8 [ 1 1 1 1], L_000001bee7fcdd20, L_000001bee7fcd540, L_000001bee7fcd000, L_000001bee7fcd850;
L_000001bee8025870 .part v000001bee80254b0_0, 3, 1;
L_000001bee8025910 .part v000001bee8024470_0, 3, 1;
L_000001bee8025c30 .part L_000001bee80252d0, 0, 1;
L_000001bee80259b0 .part L_000001bee8024d30, 0, 1;
L_000001bee8025cd0 .part L_000001bee80252d0, 1, 1;
L_000001bee80243d0 .part L_000001bee8024d30, 0, 1;
L_000001bee8025d70 .part L_000001bee80252d0, 1, 1;
L_000001bee8025ff0 .part L_000001bee80252d0, 0, 1;
L_000001bee80295d0 .part L_000001bee8024d30, 1, 1;
L_000001bee8029990 .part L_000001bee80252d0, 2, 1;
L_000001bee8028c70 .part L_000001bee80252d0, 1, 1;
L_000001bee80288b0 .part L_000001bee80252d0, 2, 1;
L_000001bee8028950 .part L_000001bee8024d30, 1, 1;
L_000001bee80293f0 .part L_000001bee8024d30, 0, 1;
L_000001bee8029850 .part L_000001bee80252d0, 0, 1;
L_000001bee8028a90 .part L_000001bee8024d30, 2, 1;
L_000001bee8028b30 .part L_000001bee80252d0, 3, 1;
L_000001bee8029ad0 .part L_000001bee80252d0, 2, 1;
L_000001bee8029b70 .part L_000001bee80252d0, 3, 1;
L_000001bee8028e50 .part L_000001bee8024d30, 2, 1;
L_000001bee8028db0 .part L_000001bee8024d30, 1, 1;
L_000001bee8029e90 .part L_000001bee80252d0, 1, 1;
L_000001bee80289f0 .part L_000001bee8024d30, 0, 1;
L_000001bee802a070 .part L_000001bee80252d0, 0, 1;
L_000001bee8028bd0 .part L_000001bee8024d30, 3, 1;
L_000001bee8028810 .part L_000001bee80252d0, 0, 1;
L_000001bee802a1b0 .part L_000001bee80252d0, 1, 1;
L_000001bee8029030 .part L_000001bee80252d0, 2, 1;
L_000001bee8028d10 .concat8 [ 1 1 1 1], L_000001bee7fcd380, L_000001bee7fcd3f0, L_000001bee7fcd4d0, L_000001bee7fcd5b0;
L_000001bee8029a30 .part L_000001bee80252d0, 3, 1;
    .scope S_000001bee7fb4ea0;
T_0 ;
    %vpi_call 2 28 "$dumpfile", "CLA_4bit_gate_level.vcd" {0 0 0};
    %vpi_call 2 29 "$dumpvars", 32'sb00000000000000000000000000000000, S_000001bee7fb4ea0 {0 0 0};
    %pushi/vec4 0, 0, 32;
    %store/vec4 v000001bee80250f0_0, 0, 32;
    %pushi/vec4 0, 0, 32;
    %store/vec4 v000001bee8026130_0, 0, 32;
T_0.0 ;
    %load/vec4 v000001bee8026130_0;
    %cmpi/s 512, 0, 32;
    %jmp/0xz T_0.1, 5;
    %load/vec4 v000001bee8026130_0;
    %pad/s 9;
    %split/vec4 1;
    %store/vec4 v000001bee8024650_0, 0, 1;
    %split/vec4 4;
    %store/vec4 v000001bee8024470_0, 0, 4;
    %store/vec4 v000001bee80254b0_0, 0, 4;
    %delay 10000, 0;
    %pushi/vec4 0, 0, 1;
    %load/vec4 v000001bee80254b0_0;
    %concat/vec4; draw_concat_vec4
    %pushi/vec4 0, 0, 1;
    %load/vec4 v000001bee8024470_0;
    %concat/vec4; draw_concat_vec4
    %add;
    %pushi/vec4 0, 0, 4;
    %load/vec4 v000001bee8024650_0;
    %concat/vec4; draw_concat_vec4
    %add;
    %store/vec4 v000001bee8024510_0, 0, 5;
    %load/vec4 v000001bee80255f0_0;
    %load/vec4 v000001bee80261d0_0;
    %concat/vec4; draw_concat_vec4
    %load/vec4 v000001bee8024510_0;
    %cmp/ne;
    %jmp/0xz  T_0.2, 6;
    %load/vec4 v000001bee80250f0_0;
    %addi 1, 0, 32;
    %store/vec4 v000001bee80250f0_0, 0, 32;
    %load/vec4 v000001bee80255f0_0;
    %load/vec4 v000001bee80261d0_0;
    %concat/vec4; draw_concat_vec4
    %vpi_call 2 50 "$display", "ERROR: a=%b b=%b cin=%b | Expected=%b | Got=%b", v000001bee80254b0_0, v000001bee8024470_0, v000001bee8024650_0, v000001bee8024510_0, S<0,vec4,u5> {1 0 0};
T_0.2 ;
    %load/vec4 v000001bee8026130_0;
    %addi 1, 0, 32;
    %store/vec4 v000001bee8026130_0, 0, 32;
    %jmp T_0.0;
T_0.1 ;
    %load/vec4 v000001bee80250f0_0;
    %cmpi/e 0, 0, 32;
    %jmp/0xz  T_0.4, 4;
    %vpi_call 2 60 "$display", "ALL 512 TEST CASES PASSED" {0 0 0};
    %jmp T_0.5;
T_0.4 ;
    %vpi_call 2 62 "$display", "TEST FAILED: %0d errors found", v000001bee80250f0_0 {0 0 0};
T_0.5 ;
    %vpi_call 2 64 "$finish" {0 0 0};
    %end;
    .thread T_0;
# The file index is used to find the file name in the following table.
:file_names 4;
    "N/A";
    "<interactive>";
    "CLA_4bit_tb.v";
    "CLA_4bit.v";
