#! /c/Source/iverilog-install/bin/vvp
:ivl_version "12.0 (devel)" "(s20150603-1110-g18392a46)";
:ivl_delay_selection "TYPICAL";
:vpi_time_precision - 12;
:vpi_module "C:\iverilog\lib\ivl\system.vpi";
:vpi_module "C:\iverilog\lib\ivl\vhdl_sys.vpi";
:vpi_module "C:\iverilog\lib\ivl\vhdl_textio.vpi";
:vpi_module "C:\iverilog\lib\ivl\v2005_math.vpi";
:vpi_module "C:\iverilog\lib\ivl\va_math.vpi";
S_000002469ceb8ff0 .scope module, "tb" "tb" 2 3;
 .timescale -9 -12;
v000002469cf0f630_0 .var "a", 3 0;
v000002469cf0f4f0_0 .var "b", 3 0;
v000002469cf10350_0 .var "cin", 0 0;
v000002469cf10530_0 .net "cout", 0 0, L_000002469ceaf1c0;  1 drivers
v000002469cf0fbd0_0 .var/i "i", 31 0;
v000002469cf0fc70_0 .net "sum", 3 0, L_000002469cf107b0;  1 drivers
S_000002469ceb9180 .scope module, "uut" "rac_4bit" 2 9, 3 1 0, S_000002469ceb8ff0;
 .timescale 0 0;
    .port_info 0 /INPUT 4 "a";
    .port_info 1 /INPUT 4 "b";
    .port_info 2 /INPUT 1 "cin";
    .port_info 3 /OUTPUT 4 "sum";
    .port_info 4 /OUTPUT 1 "cout";
v000002469cf0fe50_0 .net "a", 3 0, v000002469cf0f630_0;  1 drivers
v000002469cf0f3b0_0 .net "b", 3 0, v000002469cf0f4f0_0;  1 drivers
v000002469cf10e90_0 .net "c1", 0 0, L_000002469ceaf310;  1 drivers
v000002469cf0f450_0 .net "c2", 0 0, L_000002469ceaf4d0;  1 drivers
v000002469cf10710_0 .net "c3", 0 0, L_000002469ceae900;  1 drivers
v000002469cf10f30_0 .net "cin", 0 0, v000002469cf10350_0;  1 drivers
v000002469cf0fef0_0 .net "cout", 0 0, L_000002469ceaf1c0;  alias, 1 drivers
v000002469cf0f9f0_0 .net "sum", 3 0, L_000002469cf107b0;  alias, 1 drivers
L_000002469cf0f590 .part v000002469cf0f630_0, 0, 1;
L_000002469cf105d0 .part v000002469cf0f4f0_0, 0, 1;
L_000002469cf0f310 .part v000002469cf0f630_0, 1, 1;
L_000002469cf10ad0 .part v000002469cf0f4f0_0, 1, 1;
L_000002469cf10670 .part v000002469cf0f630_0, 2, 1;
L_000002469cf10170 .part v000002469cf0f4f0_0, 2, 1;
L_000002469cf0f770 .part v000002469cf0f630_0, 3, 1;
L_000002469cf0fd10 .part v000002469cf0f4f0_0, 3, 1;
L_000002469cf107b0 .concat8 [ 1 1 1 1], L_000002469ceaf3f0, L_000002469ceaf230, L_000002469ceaf700, L_000002469ceae9e0;
S_000002469ceb9310 .scope module, "uut0" "FA_1bit" 3 12, 3 50 0, S_000002469ceb9180;
 .timescale 0 0;
    .port_info 0 /INPUT 1 "a";
    .port_info 1 /INPUT 1 "b";
    .port_info 2 /INPUT 1 "cin";
    .port_info 3 /OUTPUT 1 "sum";
    .port_info 4 /OUTPUT 1 "cout";
L_000002469ceaf540 .functor XOR 1, L_000002469cf0f590, L_000002469cf105d0, C4<0>, C4<0>;
L_000002469ceaf3f0 .functor XOR 1, L_000002469ceaf540, v000002469cf10350_0, C4<0>, C4<0>;
L_000002469ceaecf0 .functor AND 1, L_000002469cf0f590, L_000002469cf105d0, C4<1>, C4<1>;
L_000002469ceaf770 .functor AND 1, L_000002469ceaf540, v000002469cf10350_0, C4<1>, C4<1>;
L_000002469ceaf310 .functor OR 1, L_000002469ceaecf0, L_000002469ceaf770, C4<0>, C4<0>;
v000002469ceab480_0 .net "a", 0 0, L_000002469cf0f590;  1 drivers
v000002469ceaae40_0 .net "b", 0 0, L_000002469cf105d0;  1 drivers
v000002469ceaaf80_0 .net "c1", 0 0, L_000002469ceaecf0;  1 drivers
v000002469ceab020_0 .net "c2", 0 0, L_000002469ceaf770;  1 drivers
v000002469ceab0c0_0 .net "cin", 0 0, v000002469cf10350_0;  alias, 1 drivers
v000002469ceab2a0_0 .net "cout", 0 0, L_000002469ceaf310;  alias, 1 drivers
v000002469ceab660_0 .net "s1", 0 0, L_000002469ceaf540;  1 drivers
v000002469ceab840_0 .net "sum", 0 0, L_000002469ceaf3f0;  1 drivers
S_000002469ceb4d20 .scope module, "uut1" "FA_1bit" 3 21, 3 50 0, S_000002469ceb9180;
 .timescale 0 0;
    .port_info 0 /INPUT 1 "a";
    .port_info 1 /INPUT 1 "b";
    .port_info 2 /INPUT 1 "cin";
    .port_info 3 /OUTPUT 1 "sum";
    .port_info 4 /OUTPUT 1 "cout";
L_000002469ceaf380 .functor XOR 1, L_000002469cf0f310, L_000002469cf10ad0, C4<0>, C4<0>;
L_000002469ceaf230 .functor XOR 1, L_000002469ceaf380, L_000002469ceaf310, C4<0>, C4<0>;
L_000002469ceaf460 .functor AND 1, L_000002469cf0f310, L_000002469cf10ad0, C4<1>, C4<1>;
L_000002469ceaef90 .functor AND 1, L_000002469ceaf380, L_000002469ceaf310, C4<1>, C4<1>;
L_000002469ceaf4d0 .functor OR 1, L_000002469ceaf460, L_000002469ceaef90, C4<0>, C4<0>;
v000002469ceab8e0_0 .net "a", 0 0, L_000002469cf0f310;  1 drivers
v000002469ceab980_0 .net "b", 0 0, L_000002469cf10ad0;  1 drivers
v000002469ceabac0_0 .net "c1", 0 0, L_000002469ceaf460;  1 drivers
v000002469ceabb60_0 .net "c2", 0 0, L_000002469ceaef90;  1 drivers
v000002469cf10b70_0 .net "cin", 0 0, L_000002469ceaf310;  alias, 1 drivers
v000002469cf0f810_0 .net "cout", 0 0, L_000002469ceaf4d0;  alias, 1 drivers
v000002469cf0fb30_0 .net "s1", 0 0, L_000002469ceaf380;  1 drivers
v000002469cf10030_0 .net "sum", 0 0, L_000002469ceaf230;  1 drivers
S_000002469ce82ce0 .scope module, "uut2" "FA_1bit" 3 30, 3 50 0, S_000002469ceb9180;
 .timescale 0 0;
    .port_info 0 /INPUT 1 "a";
    .port_info 1 /INPUT 1 "b";
    .port_info 2 /INPUT 1 "cin";
    .port_info 3 /OUTPUT 1 "sum";
    .port_info 4 /OUTPUT 1 "cout";
L_000002469ceaf690 .functor XOR 1, L_000002469cf10670, L_000002469cf10170, C4<0>, C4<0>;
L_000002469ceaf700 .functor XOR 1, L_000002469ceaf690, L_000002469ceaf4d0, C4<0>, C4<0>;
L_000002469ceae890 .functor AND 1, L_000002469cf10670, L_000002469cf10170, C4<1>, C4<1>;
L_000002469ceaf000 .functor AND 1, L_000002469ceaf690, L_000002469ceaf4d0, C4<1>, C4<1>;
L_000002469ceae900 .functor OR 1, L_000002469ceae890, L_000002469ceaf000, C4<0>, C4<0>;
v000002469cf0f8b0_0 .net "a", 0 0, L_000002469cf10670;  1 drivers
v000002469cf10d50_0 .net "b", 0 0, L_000002469cf10170;  1 drivers
v000002469cf10cb0_0 .net "c1", 0 0, L_000002469ceae890;  1 drivers
v000002469cf103f0_0 .net "c2", 0 0, L_000002469ceaf000;  1 drivers
v000002469cf10fd0_0 .net "cin", 0 0, L_000002469ceaf4d0;  alias, 1 drivers
v000002469cf100d0_0 .net "cout", 0 0, L_000002469ceae900;  alias, 1 drivers
v000002469cf0fa90_0 .net "s1", 0 0, L_000002469ceaf690;  1 drivers
v000002469cf0f950_0 .net "sum", 0 0, L_000002469ceaf700;  1 drivers
S_000002469ce82e70 .scope module, "uut3" "FA_1bit" 3 39, 3 50 0, S_000002469ceb9180;
 .timescale 0 0;
    .port_info 0 /INPUT 1 "a";
    .port_info 1 /INPUT 1 "b";
    .port_info 2 /INPUT 1 "cin";
    .port_info 3 /OUTPUT 1 "sum";
    .port_info 4 /OUTPUT 1 "cout";
L_000002469ceae970 .functor XOR 1, L_000002469cf0f770, L_000002469cf0fd10, C4<0>, C4<0>;
L_000002469ceae9e0 .functor XOR 1, L_000002469ceae970, L_000002469ceae900, C4<0>, C4<0>;
L_000002469ceaea50 .functor AND 1, L_000002469cf0f770, L_000002469cf0fd10, C4<1>, C4<1>;
L_000002469ceaeba0 .functor AND 1, L_000002469ceae970, L_000002469ceae900, C4<1>, C4<1>;
L_000002469ceaf1c0 .functor OR 1, L_000002469ceaea50, L_000002469ceaeba0, C4<0>, C4<0>;
v000002469cf10850_0 .net "a", 0 0, L_000002469cf0f770;  1 drivers
v000002469cf0f130_0 .net "b", 0 0, L_000002469cf0fd10;  1 drivers
v000002469cf0f6d0_0 .net "c1", 0 0, L_000002469ceaea50;  1 drivers
v000002469cf10490_0 .net "c2", 0 0, L_000002469ceaeba0;  1 drivers
v000002469cf0f1d0_0 .net "cin", 0 0, L_000002469ceae900;  alias, 1 drivers
v000002469cf10df0_0 .net "cout", 0 0, L_000002469ceaf1c0;  alias, 1 drivers
v000002469cf0f270_0 .net "s1", 0 0, L_000002469ceae970;  1 drivers
v000002469cf10210_0 .net "sum", 0 0, L_000002469ceae9e0;  1 drivers
    .scope S_000002469ceb8ff0;
T_0 ;
    %vpi_call 2 19 "$dumpfile", "output.vcd" {0 0 0};
    %vpi_call 2 20 "$dumpvars", 32'sb00000000000000000000000000000000, S_000002469ceb8ff0 {0 0 0};
    %vpi_call 2 21 "$monitor", "Time =%0t|a=%b|b=%b|cin=%b|sum=%b|cout=%b", $time, v000002469cf0f630_0, v000002469cf0f4f0_0, v000002469cf10350_0, v000002469cf0fc70_0, v000002469cf10530_0 {0 0 0};
    %pushi/vec4 0, 0, 32;
    %store/vec4 v000002469cf0fbd0_0, 0, 32;
T_0.0 ;
    %load/vec4 v000002469cf0fbd0_0;
    %cmpi/s 256, 0, 32;
    %jmp/0xz T_0.1, 5;
    %load/vec4 v000002469cf0fbd0_0;
    %pad/s 9;
    %split/vec4 1;
    %store/vec4 v000002469cf10350_0, 0, 1;
    %split/vec4 4;
    %store/vec4 v000002469cf0f4f0_0, 0, 4;
    %store/vec4 v000002469cf0f630_0, 0, 4;
    %delay 10000, 0;
    %load/vec4 v000002469cf10530_0;
    %load/vec4 v000002469cf0fc70_0;
    %concat/vec4; draw_concat_vec4
    %load/vec4 v000002469cf0f630_0;
    %pad/u 5;
    %load/vec4 v000002469cf0f4f0_0;
    %pad/u 5;
    %add;
    %load/vec4 v000002469cf10350_0;
    %pad/u 5;
    %add;
    %cmp/ne;
    %jmp/0xz  T_0.2, 6;
    %load/vec4 v000002469cf0f630_0;
    %load/vec4 v000002469cf0f4f0_0;
    %add;
    %load/vec4 v000002469cf10350_0;
    %pad/u 4;
    %add;
    %load/vec4 v000002469cf10530_0;
    %load/vec4 v000002469cf0fc70_0;
    %concat/vec4; draw_concat_vec4
    %vpi_call 2 26 "$display", "ERROR: a=%b b=%b cin=%b | Expected=%b | Got=%b", v000002469cf0f630_0, v000002469cf0f4f0_0, v000002469cf10350_0, S<1,vec4,u4>, S<0,vec4,u5> {2 0 0};
    %jmp T_0.3;
T_0.2 ;
    %vpi_call 2 29 "$display", "PASS: a=%b b=%b cin=%b | sum=%b cout=%b", v000002469cf0f630_0, v000002469cf0f4f0_0, v000002469cf10350_0, v000002469cf0fc70_0, v000002469cf10530_0 {0 0 0};
T_0.3 ;
    %load/vec4 v000002469cf0fbd0_0;
    %addi 1, 0, 32;
    %store/vec4 v000002469cf0fbd0_0, 0, 32;
    %jmp T_0.0;
T_0.1 ;
    %vpi_call 2 32 "$display", "All test cases completed." {0 0 0};
    %vpi_call 2 34 "$finish" {0 0 0};
    %end;
    .thread T_0;
# The file index is used to find the file name in the following table.
:file_names 4;
    "N/A";
    "<interactive>";
    "RAC_4bit_tb.v";
    "RAC_4bit.v";
